Документирующие комментарии
Обычные комментарии Go, размещенные непосредственно перед директивой package или объявлением функции, считаются документирующими комментариями и включаются в вывод go doc.

При добавлении документирующих комментариев следует соблюдать ряд правил:
• Комментарии должны состоять из полноценных предложений.
• Комментарии для пакетов должны начинаться со слова «Package», за которым
следует имя пакета: // Package mypackage enables widget management.
• Комментарии для функций должны начинаться с имени функции, которую они
описывают: // MyFunction converts widgets to gizmos.
• В комментарии также можно включать примеры кода, которые должны снабжаться
отступами.
• Не включайте дополнительные символы для выразительности или форматирования
(кроме отступов в примерах кода). Документирующие комментарии будут выводить-
ся в виде простого текста и должны форматироваться соответствующим образом.
===================================================
Документация по Go онлайн:
https://pkg.go.dev/
Инсталировать и исползовать godoc(запускает сервер):
go get golang.org/x/tools/cmd/godoc
$ godoc -http=:8001
Исползование go doc:
go doc fmt.Printf
go doc fmt
===================================================
При применении bash(1) можно перенаправить стандартный поток ошибок
в файл:
$ go run stdERR.go 2>/tmp/stdError
This is Standard output
$ cat /tmp/stdError
Please give me one argument!

можно отменить вывод ошибок, перенаправив их на устройство /dev/null
$ go run stdERR.go 2>/dev/null
This is Standard output

сохранить данные стандартного потока вывода и стандартного потока ошибок в одном файле
$ go run stdERR.go >/tmp/output 2>&1

перенаправить и стандартный поток вывода, и стандартный поток ошибок на /dev/null :
$ go run stdERR.go >/dev/null 2>&1
----------------------------------------------------
Большинство системных журнальных файлов в UNIX размещаются в каталоге /var/log.
В UNIX можно выполнять поиск и обрабатывать файлы журналов с помощью инструментов, таких как grep(1) , awk(1) и sed(1)

Уровни журналирования:
debug, info, notice, warning, err, crit, alert и emerg

Средство журналирования подобно категории, используемой при регистрации информации. Средство журналирования принимает значения auth, authpriv, cron, daemon, kern, lpr, mail, mark, news, syslog, user, UUCP, local0, local1, local2, local3,local4, local5, local6 или local7 и определяется в файле /etc/syslog.conf, /etc/rsyslog.conf или другом соответствующем файле, в зависимости от процесса сервера, используемого для ведения журнала в операционной системе на данной UNIX-машине.
------------------------------------------------
Каталог /tmp очищается после каждой перезагрузки системы.
Если программа соханяет логи в другие папки, она должна запускаться с root правами
-------------------------------------------------
